[cloudera@quickstart ~]$ ls
cloudera-manager  Downloads                   kerberos  Public        workspace
cm_api.py         eclipse                     lib       Templates
Desktop           enterprise-deployment.json  Music     Videos
Documents         express-deployment.json     Pictures  WordCout.jar
[cloudera@quickstart ~]$ pwd
/home/cloudera
[cloudera@quickstart ~]$ cat > /home/cloudera/Processfile1.txt
Isha Dhanawade
Isha Dhanawade
Isha Dhanawade
Cloudera
Cloudera
Cloudera
Vaibhavi Gawas
Vaibhavi Gawas
Vaibhavi Gawas
Vaibhavi Gawas
Big Data
Simran Dsouza
Simran Dsouza
Aditi Takalkar
^Z
[1]+  Stopped                 cat > /home/cloudera/Processfile1.txt
[cloudera@quickstart ~]$ cat /home/cloudera/Processingfile1.txt
cat: /home/cloudera/Processingfile1.txt: No such file or directory
[cloudera@quickstart ~]$ cat /home/cloudera/Processfile1.txt
Isha Dhanawade
Isha Dhanawade
Isha Dhanawade
Cloudera
Cloudera
Cloudera
Vaibhavi Gawas
Vaibhavi Gawas
Vaibhavi Gawas
Vaibhavi Gawas
Big Data
Simran Dsouza
Simran Dsouza
Aditi Takalkar
[cloudera@quickstart ~]$ hdfs dfs -ls
[cloudera@quickstart ~]$ hdfs dfs -ls /
Found 5 items
drwxr-xr-x   - hbase supergroup          0 2022-05-14 03:40 /hbase
drwxr-xr-x   - solr  solr                0 2015-06-09 03:38 /solr
drwxrwxrwx   - hdfs  supergroup          0 2022-05-14 03:42 /tmp
drwxr-xr-x   - hdfs  supergroup          0 2015-06-09 03:38 /user
drwxr-xr-x   - hdfs  supergroup          0 2015-06-09 03:36 /var
[cloudera@quickstart ~]$ 
[cloudera@quickstart ~]$ hdfs dfs -mkdir /inputfolder1
[cloudera@quickstart ~]$ 
[cloudera@quickstart ~]$ hdfs dfs -put /home/cloudera/Processfile1.txt /inputfolder1/
[cloudera@quickstart ~]$ hdfs dfs -cat /inputfolder1/Processfile1.txt
Isha Dhanawade
Isha Dhanawade
Isha Dhanawade
Cloudera
Cloudera
Cloudera
Vaibhavi Gawas
Vaibhavi Gawas
Vaibhavi Gawas
Vaibhavi Gawas
Big Data
Simran Dsouza
Simran Dsouza
Aditi Takalkar
[cloudera@quickstart ~]$ hadoop jar /home/cloudera/WordCount.jar WordCount1 /inputfolder1/Processfile1.txt /out1
Not a valid JAR: /home/cloudera/WordCount.jar
[cloudera@quickstart ~]$ hadoop jar /home/cloudera/WordCout.jar WordCount1 /inputfolder1/Processfile1.txt /out1
Exception in thread "main" java.lang.ClassNotFoundException: WordCount1
	at java.net.URLClassLoader$1.run(URLClassLoader.java:366)
	at java.net.URLClassLoader$1.run(URLClassLoader.java:355)
	at java.security.AccessController.doPrivileged(Native Method)
	at java.net.URLClassLoader.findClass(URLClassLoader.java:354)
	at java.lang.ClassLoader.loadClass(ClassLoader.java:425)
	at java.lang.ClassLoader.loadClass(ClassLoader.java:358)
	at java.lang.Class.forName0(Native Method)
	at java.lang.Class.forName(Class.java:270)
	at org.apache.hadoop.util.RunJar.run(RunJar.java:214)
	at org.apache.hadoop.util.RunJar.main(RunJar.java:136)
[cloudera@quickstart ~]$ hadoop jar /home/cloudera/WordCout.jar WordCount /inputfolder1/Processfile1.txt /out1
22/05/14 10:46:21 INFO client.RMProxy: Connecting to ResourceManager at /0.0.0.0:8032
22/05/14 10:46:21 WARN mapreduce.JobSubmitter: Hadoop command-line option parsing not performed. Implement the Tool interface and execute your application with ToolRunner to remedy this.
22/05/14 10:46:22 INFO input.FileInputFormat: Total input paths to process : 1
22/05/14 10:46:22 INFO mapreduce.JobSubmitter: number of splits:1
22/05/14 10:46:22 INFO mapreduce.JobSubmitter: Submitting tokens for job: job_1652524800766_0001
22/05/14 10:46:22 INFO impl.YarnClientImpl: Submitted application application_1652524800766_0001
22/05/14 10:46:22 INFO mapreduce.Job: The url to track the job: http://quickstart.cloudera:8088/proxy/application_1652524800766_0001/
22/05/14 10:46:22 INFO mapreduce.Job: Running job: job_1652524800766_0001
22/05/14 10:46:32 INFO mapreduce.Job: Job job_1652524800766_0001 running in uber mode : false
22/05/14 10:46:32 INFO mapreduce.Job:  map 0% reduce 0%
22/05/14 10:46:38 INFO mapreduce.Job:  map 100% reduce 0%
22/05/14 10:46:44 INFO mapreduce.Job:  map 100% reduce 100%
22/05/14 10:46:45 INFO mapreduce.Job: Job job_1652524800766_0001 completed successfully
22/05/14 10:46:45 INFO mapreduce.Job: Counters: 49
	File System Counters
		FILE: Number of bytes read=149
		FILE: Number of bytes written=220909
		FILE: Number of read operations=0
		FILE: Number of large read operations=0
		FILE: Number of write operations=0
		HDFS: Number of bytes read=310
		HDFS: Number of bytes written=99
		HDFS: Number of read operations=6
		HDFS: Number of large read operations=0
		HDFS: Number of write operations=2
	Job Counters 
		Launched map tasks=1
		Launched reduce tasks=1
		Data-local map tasks=1
		Total time spent by all maps in occupied slots (ms)=3753
		Total time spent by all reduces in occupied slots (ms)=4195
		Total time spent by all map tasks (ms)=3753
		Total time spent by all reduce tasks (ms)=4195
		Total vcore-seconds taken by all map tasks=3753
		Total vcore-seconds taken by all reduce tasks=4195
		Total megabyte-seconds taken by all map tasks=3843072
		Total megabyte-seconds taken by all reduce tasks=4295680
	Map-Reduce Framework
		Map input records=14
		Map output records=25
		Map output bytes=284
		Map output materialized bytes=149
		Input split bytes=126
		Combine input records=25
		Combine output records=11
		Reduce input groups=11
		Reduce shuffle bytes=149
		Reduce input records=11
		Reduce output records=11
		Spilled Records=22
		Shuffled Maps =1
		Failed Shuffles=0
		Merged Map outputs=1
		GC time elapsed (ms)=92
		CPU time spent (ms)=870
		Physical memory (bytes) snapshot=357392384
		Virtual memory (bytes) snapshot=3007315968
		Total committed heap usage (bytes)=226365440
	Shuffle Errors
		BAD_ID=0
		CONNECTION=0
		IO_ERROR=0
		WRONG_LENGTH=0
		WRONG_MAP=0
		WRONG_REDUCE=0
	File Input Format Counters 
		Bytes Read=184
	File Output Format Counters 
		Bytes Written=99
[cloudera@quickstart ~]$ hdfs dfs -ls /out1
Found 2 items
-rw-r--r--   1 cloudera supergroup          0 2022-05-14 10:46 /out1/_SUCCESS
-rw-r--r--   1 cloudera supergroup         99 2022-05-14 10:46 /out1/part-r-00000
[cloudera@quickstart ~]$ hdfs dfs -cat /out1/part-r-00000
Aditi	1
Big	1
Cloudera	3
Data	1
Dhanawade	3
Dsouza	2
Gawas	4
Isha	3
Simran	2
Takalkar	1
Vaibhavi	4
[cloudera@quickstart ~]$ cat /home/cloudera/Proceefile1.txt
cat: /home/cloudera/Proceefile1.txt: No such file or directory
[cloudera@quickstart ~]$ cat /home/cloudera/Processfile1.txt
Isha Dhanawade
Isha Dhanawade
Isha Dhanawade
Cloudera
Cloudera
Cloudera
Vaibhavi Gawas
Vaibhavi Gawas
Vaibhavi Gawas
Vaibhavi Gawas
Big Data
Simran Dsouza
Simran Dsouza
Aditi Takalkar
[cloudera@quickstart ~]$ 
